#2026 07 08 19:19:02.059#Z#DEBUG#b2605f0d-7b01-11f1-81cb-eeee0a93546a.worksync-srv#flowable-async-job-executor-thread-5572#
[PollStageAppStatusExecution] 62645462-e3c5-4e94-9a37-279b7c283ccd [2026-07-08T19:18:08.004212] Updated app with guid 62645462-e3c5-4e94-9a37-279b7c283ccd ({"lifecycle"=>{"data"=>{"buildpacks"=>["nodejs_buildpack"]}, "type"=>"buildpack"}}) (STDOUT, API)#
#2026 07 08 19:19:02.059#Z#DEBUG#b2605f0d-7b01-11f1-81cb-eeee0a93546a.worksync-srv#flowable-async-job-executor-thread-5572#
[PollStageAppStatusExecution] 62645462-e3c5-4e94-9a37-279b7c283ccd [2026-07-08T19:18:08.094125] Updating process: "web" (STDOUT, API)#
#2026 07 08 19:19:02.059#Z#DEBUG#b2605f0d-7b01-11f1-81cb-eeee0a93546a.worksync-srv#flowable-async-job-executor-thread-5572#
[PollStageAppStatusExecution] 62645462-e3c5-4e94-9a37-279b7c283ccd [2026-07-08T19:18:42.336792] Uploading app package for app with guid 62645462-e3c5-4e94-9a37-279b7c283ccd (STDOUT, API)#
#2026 07 08 19:19:02.059#Z#DEBUG#b2605f0d-7b01-11f1-81cb-eeee0a93546a.worksync-srv#flowable-async-job-executor-thread-5572#
[PollStageAppStatusExecution] 62645462-e3c5-4e94-9a37-279b7c283ccd [2026-07-08T19:18:42.528126] Updated app with guid 62645462-e3c5-4e94-9a37-279b7c283ccd ({"environment_variables"=>"[PRIVATE DATA HIDDEN]"}) (STDOUT, API)#
#2026 07 08 19:19:02.059#Z#DEBUG#b2605f0d-7b01-11f1-81cb-eeee0a93546a.worksync-srv#flowable-async-job-executor-thread-5572#
[PollStageAppStatusExecution] 62645462-e3c5-4e94-9a37-279b7c283ccd [2026-07-08T19:18:52.295992] Stopping app with guid 62645462-e3c5-4e94-9a37-279b7c283ccd (STDOUT, API)#
#2026 07 08 19:19:02.059#Z#DEBUG#b2605f0d-7b01-11f1-81cb-eeee0a93546a.worksync-srv#flowable-async-job-executor-thread-5572#
[PollStageAppStatusExecution] 62645462-e3c5-4e94-9a37-279b7c283ccd [2026-07-08T19:18:52.339075] Cell 684caff8-89cd-492b-be01-b3d0835f1763 stopping instance d8b05ac0-2c6f-45d4-4bd6-7929 (STDOUT, CELL)#
#2026 07 08 19:19:02.059#Z#DEBUG#b2605f0d-7b01-11f1-81cb-eeee0a93546a.worksync-srv#flowable-async-job-executor-thread-5572#
[PollStageAppStatusExecution] 62645462-e3c5-4e94-9a37-279b7c283ccd [2026-07-08T19:18:52.538539] Creating build for app with guid 62645462-e3c5-4e94-9a37-279b7c283ccd (STDOUT, API)#
#2026 07 08 19:19:02.059#Z#DEBUG#b2605f0d-7b01-11f1-81cb-eeee0a93546a.worksync-srv#flowable-async-job-executor-thread-5572#
[PollStageAppStatusExecution] 62645462-e3c5-4e94-9a37-279b7c283ccd [2026-07-08T19:18:52.948806] Downloading nodejs_buildpack... (STDOUT, STG)#
#2026 07 08 19:19:02.059#Z#DEBUG#b2605f0d-7b01-11f1-81cb-eeee0a93546a.worksync-srv#flowable-async-job-executor-thread-5572#
[PollStageAppStatusExecution] 62645462-e3c5-4e94-9a37-279b7c283ccd [2026-07-08T19:18:52.998426] Downloaded nodejs_buildpack (STDOUT, STG)#
#2026 07 08 19:19:02.059#Z#DEBUG#b2605f0d-7b01-11f1-81cb-eeee0a93546a.worksync-srv#flowable-async-job-executor-thread-5572#
[PollStageAppStatusExecution] 62645462-e3c5-4e94-9a37-279b7c283ccd [2026-07-08T19:18:52.998516] Cell c839c7b1-088e-41af-b9b7-66256aacd457 creating container for instance 9d5fd050-daf1-4746-aa86-d43ca0f7694d (STDOUT, STG)#
#2026 07 08 19:19:02.059#Z#DEBUG#b2605f0d-7b01-11f1-81cb-eeee0a93546a.worksync-srv#flowable-async-job-executor-thread-5572#
[PollStageAppStatusExecution] 62645462-e3c5-4e94-9a37-279b7c283ccd [2026-07-08T19:18:53.837054] Security group rules were updated (STDOUT, STG)#
#2026 07 08 19:19:02.059#Z#DEBUG#b2605f0d-7b01-11f1-81cb-eeee0a93546a.worksync-srv#flowable-async-job-executor-thread-5572#
[PollStageAppStatusExecution] 62645462-e3c5-4e94-9a37-279b7c283ccd [2026-07-08T19:18:53.950322] Cell c839c7b1-088e-41af-b9b7-66256aacd457 successfully created container for instance 9d5fd050-daf1-4746-aa86-d43ca0f7694d (STDOUT, STG)#
#2026 07 08 19:19:02.059#Z#DEBUG#b2605f0d-7b01-11f1-81cb-eeee0a93546a.worksync-srv#flowable-async-job-executor-thread-5572#
[PollStageAppStatusExecution] 62645462-e3c5-4e94-9a37-279b7c283ccd [2026-07-08T19:18:55.006434] Downloading app package... (STDOUT, STG)#
#2026 07 08 19:19:02.059#Z#DEBUG#b2605f0d-7b01-11f1-81cb-eeee0a93546a.worksync-srv#flowable-async-job-executor-thread-5572#
[PollStageAppStatusExecution] 62645462-e3c5-4e94-9a37-279b7c283ccd [2026-07-08T19:18:55.006458] Downloading build artifacts cache... (STDOUT, STG)#
#2026 07 08 19:19:02.059#Z#DEBUG#b2605f0d-7b01-11f1-81cb-eeee0a93546a.worksync-srv#flowable-async-job-executor-thread-5572#
[PollStageAppStatusExecution] 62645462-e3c5-4e94-9a37-279b7c283ccd [2026-07-08T19:18:55.119579] Downloaded build artifacts cache (225B) (STDOUT, STG)#
#2026 07 08 19:19:02.059#Z#DEBUG#b2605f0d-7b01-11f1-81cb-eeee0a93546a.worksync-srv#flowable-async-job-executor-thread-5572#
[PollStageAppStatusExecution] 62645462-e3c5-4e94-9a37-279b7c283ccd [2026-07-08T19:18:56.888585] Downloaded app package (7M) (STDOUT, STG)#
#2026 07 08 19:19:02.059#Z#DEBUG#b2605f0d-7b01-11f1-81cb-eeee0a93546a.worksync-srv#flowable-async-job-executor-thread-5572#
[PollStageAppStatusExecution] 62645462-e3c5-4e94-9a37-279b7c283ccd [2026-07-08T19:18:57.034671] -----> Nodejs Buildpack version 1.9.2 (STDOUT, STG)#
#2026 07 08 19:19:02.059#Z#DEBUG#b2605f0d-7b01-11f1-81cb-eeee0a93546a.worksync-srv#flowable-async-job-executor-thread-5572#
[PollStageAppStatusExecution] 62645462-e3c5-4e94-9a37-279b7c283ccd [2026-07-08T19:18:57.401914] -----> Bootstrapping python (STDOUT, STG)#
#2026 07 08 19:19:02.059#Z#DEBUG#b2605f0d-7b01-11f1-81cb-eeee0a93546a.worksync-srv#flowable-async-job-executor-thread-5572#
[PollStageAppStatusExecution] 62645462-e3c5-4e94-9a37-279b7c283ccd [2026-07-08T19:18:57.401942] -----> Installing python 3.13.13 (STDOUT, STG)#
#2026 07 08 19:19:02.059#Z#DEBUG#b2605f0d-7b01-11f1-81cb-eeee0a93546a.worksync-srv#flowable-async-job-executor-thread-5572#
[PollStageAppStatusExecution] 62645462-e3c5-4e94-9a37-279b7c283ccd [2026-07-08T19:18:57.402061] Copy [/tmp/buildpacks/17bd89c67d092631/dependencies/268a5e3743d51a14b86ea9da64439307/python_3.13.13_linux_x64_cflinuxfs4_8311abbf.tgz] (STDOUT, STG)#
#2026 07 08 19:19:12.111#Z#DEBUG#b2605f0d-7b01-11f1-81cb-eeee0a93546a.worksync-srv#flowable-async-job-executor-thread-5577#
[PollStageAppStatusExecution] 62645462-e3c5-4e94-9a37-279b7c283ccd [2026-07-08T19:19:02.533983] -----> Installing binaries (STDOUT, STG)#
#2026 07 08 19:19:12.111#Z#DEBUG#b2605f0d-7b01-11f1-81cb-eeee0a93546a.worksync-srv#flowable-async-job-executor-thread-5577#
[PollStageAppStatusExecution] 62645462-e3c5-4e94-9a37-279b7c283ccd [2026-07-08T19:19:02.534017] engines.node (package.json): >=20 (STDOUT, STG)#
#2026 07 08 19:19:12.111#Z#DEBUG#b2605f0d-7b01-11f1-81cb-eeee0a93546a.worksync-srv#flowable-async-job-executor-thread-5577#
[PollStageAppStatusExecution] 62645462-e3c5-4e94-9a37-279b7c283ccd [2026-07-08T19:19:02.534022] engines.npm (package.json): unspecified (use default) (STDOUT, STG)#
#2026 07 08 19:19:12.111#Z#DEBUG#b2605f0d-7b01-11f1-81cb-eeee0a93546a.worksync-srv#flowable-async-job-executor-thread-5577#
[PollStageAppStatusExecution] 62645462-e3c5-4e94-9a37-279b7c283ccd [2026-07-08T19:19:02.534027] [31;1m**WARNING**[0m Dangerous semver range (>) in engines.node. See: http://docs.cloudfoundry.org/buildpacks/node/node-tips.html (STDOUT, STG)#
#2026 07 08 19:19:12.111#Z#DEBUG#b2605f0d-7b01-11f1-81cb-eeee0a93546a.worksync-srv#flowable-async-job-executor-thread-5577#
[PollStageAppStatusExecution] 62645462-e3c5-4e94-9a37-279b7c283ccd [2026-07-08T19:19:02.534031] -----> Installing node 24.15.0 (STDOUT, STG)#
#2026 07 08 19:19:12.111#Z#DEBUG#b2605f0d-7b01-11f1-81cb-eeee0a93546a.worksync-srv#flowable-async-job-executor-thread-5577#
[PollStageAppStatusExecution] 62645462-e3c5-4e94-9a37-279b7c283ccd [2026-07-08T19:19:02.534034] Copy [/tmp/buildpacks/17bd89c67d092631/dependencies/6441e97e6386f47ec4c16cfdf8db0a17/node_24.15.0_linux_x64_cflinuxfs4_1a62d98b.tgz] (STDOUT, STG)#
#2026 07 08 19:19:12.111#Z#DEBUG#b2605f0d-7b01-11f1-81cb-eeee0a93546a.worksync-srv#flowable-async-job-executor-thread-5577#
[PollStageAppStatusExecution] 62645462-e3c5-4e94-9a37-279b7c283ccd [2026-07-08T19:19:05.810124] Using default npm version: 11.12.1 (STDOUT, STG)#
#2026 07 08 19:19:12.111#Z#DEBUG#b2605f0d-7b01-11f1-81cb-eeee0a93546a.worksync-srv#flowable-async-job-executor-thread-5577#
[PollStageAppStatusExecution] 62645462-e3c5-4e94-9a37-279b7c283ccd [2026-07-08T19:19:05.810156] -----> Installing yarn 1.22.22 (STDOUT, STG)#
#2026 07 08 19:19:12.111#Z#DEBUG#b2605f0d-7b01-11f1-81cb-eeee0a93546a.worksync-srv#flowable-async-job-executor-thread-5577#
[PollStageAppStatusExecution] 62645462-e3c5-4e94-9a37-279b7c283ccd [2026-07-08T19:19:05.810395] Copy [/tmp/buildpacks/17bd89c67d092631/dependencies/e4fe26756e9984a665478d350474fa2e/yarn_1.22.22_linux_noarch_any-stack_b6132b86.tgz] (STDOUT, STG)#
#2026 07 08 19:19:12.111#Z#DEBUG#b2605f0d-7b01-11f1-81cb-eeee0a93546a.worksync-srv#flowable-async-job-executor-thread-5577#
[PollStageAppStatusExecution] 62645462-e3c5-4e94-9a37-279b7c283ccd [2026-07-08T19:19:06.228135] Installed yarn 1.22.22 (STDOUT, STG)#
#2026 07 08 19:19:12.111#Z#DEBUG#b2605f0d-7b01-11f1-81cb-eeee0a93546a.worksync-srv#flowable-async-job-executor-thread-5577#
[PollStageAppStatusExecution] 62645462-e3c5-4e94-9a37-279b7c283ccd [2026-07-08T19:19:06.228172] -----> Creating runtime environment (STDOUT, STG)#
#2026 07 08 19:19:12.111#Z#DEBUG#b2605f0d-7b01-11f1-81cb-eeee0a93546a.worksync-srv#flowable-async-job-executor-thread-5577#
[PollStageAppStatusExecution] 62645462-e3c5-4e94-9a37-279b7c283ccd [2026-07-08T19:19:06.231206] NODE_ENV=production (STDOUT, STG)#
#2026 07 08 19:19:12.111#Z#DEBUG#b2605f0d-7b01-11f1-81cb-eeee0a93546a.worksync-srv#flowable-async-job-executor-thread-5577#
[PollStageAppStatusExecution] 62645462-e3c5-4e94-9a37-279b7c283ccd [2026-07-08T19:19:06.232744] NODE_HOME=/tmp/contents2297417150/deps/0/node (STDOUT, STG)#
#2026 07 08 19:19:12.111#Z#DEBUG#b2605f0d-7b01-11f1-81cb-eeee0a93546a.worksync-srv#flowable-async-job-executor-thread-5577#
[PollStageAppStatusExecution] 62645462-e3c5-4e94-9a37-279b7c283ccd [2026-07-08T19:19:06.232791] NODE_MODULES_CACHE=true (STDOUT, STG)#
#2026 07 08 19:19:12.111#Z#DEBUG#b2605f0d-7b01-11f1-81cb-eeee0a93546a.worksync-srv#flowable-async-job-executor-thread-5577#
[PollStageAppStatusExecution] 62645462-e3c5-4e94-9a37-279b7c283ccd [2026-07-08T19:19:06.232802] NODE_VERBOSE=false (STDOUT, STG)#
#2026 07 08 19:19:12.111#Z#DEBUG#b2605f0d-7b01-11f1-81cb-eeee0a93546a.worksync-srv#flowable-async-job-executor-thread-5577#
[PollStageAppStatusExecution] 62645462-e3c5-4e94-9a37-279b7c283ccd [2026-07-08T19:19:06.232886] NPM_CONFIG_LOGLEVEL=error (STDOUT, STG)#
#2026 07 08 19:19:12.111#Z#DEBUG#b2605f0d-7b01-11f1-81cb-eeee0a93546a.worksync-srv#flowable-async-job-executor-thread-5577#
[PollStageAppStatusExecution] 62645462-e3c5-4e94-9a37-279b7c283ccd [2026-07-08T19:19:06.232896] NPM_CONFIG_PRODUCTION=true (STDOUT, STG)#
#2026 07 08 19:19:12.111#Z#DEBUG#b2605f0d-7b01-11f1-81cb-eeee0a93546a.worksync-srv#flowable-async-job-executor-thread-5577#
[PollStageAppStatusExecution] 62645462-e3c5-4e94-9a37-279b7c283ccd [2026-07-08T19:19:06.232991] -----> Building dependencies (STDOUT, STG)#
#2026 07 08 19:19:12.111#Z#DEBUG#b2605f0d-7b01-11f1-81cb-eeee0a93546a.worksync-srv#flowable-async-job-executor-thread-5577#
[PollStageAppStatusExecution] 62645462-e3c5-4e94-9a37-279b7c283ccd [2026-07-08T19:19:06.233034] Prebuild detected (node_modules already exists) (STDOUT, STG)#
#2026 07 08 19:19:12.111#Z#DEBUG#b2605f0d-7b01-11f1-81cb-eeee0a93546a.worksync-srv#flowable-async-job-executor-thread-5577#
[PollStageAppStatusExecution] 62645462-e3c5-4e94-9a37-279b7c283ccd [2026-07-08T19:19:06.233107] Rebuilding any native modules (STDOUT, STG)#
#2026 07 08 19:19:12.111#Z#DEBUG#b2605f0d-7b01-11f1-81cb-eeee0a93546a.worksync-srv#flowable-async-job-executor-thread-5577#
[PollStageAppStatusExecution] 62645462-e3c5-4e94-9a37-279b7c283ccd [2026-07-08T19:19:07.182873] rebuilt dependencies successfully (STDOUT, STG)#
#2026 07 08 19:19:12.111#Z#DEBUG#b2605f0d-7b01-11f1-81cb-eeee0a93546a.worksync-srv#flowable-async-job-executor-thread-5577#
[PollStageAppStatusExecution] 62645462-e3c5-4e94-9a37-279b7c283ccd [2026-07-08T19:19:07.185015] npm notice (STDOUT, STG)#
#2026 07 08 19:19:12.111#Z#DEBUG#b2605f0d-7b01-11f1-81cb-eeee0a93546a.worksync-srv#flowable-async-job-executor-thread-5577#
[PollStageAppStatusExecution] 62645462-e3c5-4e94-9a37-279b7c283ccd [2026-07-08T19:19:07.185047] npm notice New minor version of npm available! 11.12.1 -> 11.18.0 (STDOUT, STG)#
#2026 07 08 19:19:12.111#Z#DEBUG#b2605f0d-7b01-11f1-81cb-eeee0a93546a.worksync-srv#flowable-async-job-executor-thread-5577#
[PollStageAppStatusExecution] 62645462-e3c5-4e94-9a37-279b7c283ccd [2026-07-08T19:19:07.185052] npm notice Changelog: https://github.com/npm/cli/releases/tag/v11.18.0 (STDOUT, STG)#
#2026 07 08 19:19:12.111#Z#DEBUG#b2605f0d-7b01-11f1-81cb-eeee0a93546a.worksync-srv#flowable-async-job-executor-thread-5577#
[PollStageAppStatusExecution] 62645462-e3c5-4e94-9a37-279b7c283ccd [2026-07-08T19:19:07.185059] npm notice To update run: npm install -g npm@11.18.0 (STDOUT, STG)#
#2026 07 08 19:19:12.112#Z#DEBUG#b2605f0d-7b01-11f1-81cb-eeee0a93546a.worksync-srv#flowable-async-job-executor-thread-5577#
[PollStageAppStatusExecution] 62645462-e3c5-4e94-9a37-279b7c283ccd [2026-07-08T19:19:07.185065] npm notice (STDOUT, STG)#
#2026 07 08 19:19:12.112#Z#DEBUG#b2605f0d-7b01-11f1-81cb-eeee0a93546a.worksync-srv#flowable-async-job-executor-thread-5577#
[PollStageAppStatusExecution] 62645462-e3c5-4e94-9a37-279b7c283ccd [2026-07-08T19:19:07.249603] Installing any new modules (package.json + package-lock.json) (STDOUT, STG)#
#2026 07 08 19:19:12.112#Z#DEBUG#b2605f0d-7b01-11f1-81cb-eeee0a93546a.worksync-srv#flowable-async-job-executor-thread-5577#
[PollStageAppStatusExecution] 62645462-e3c5-4e94-9a37-279b7c283ccd [2026-07-08T19:19:08.370678] removed 63 packages in 1s (STDOUT, STG)#
#2026 07 08 19:19:12.112#Z#DEBUG#b2605f0d-7b01-11f1-81cb-eeee0a93546a.worksync-srv#flowable-async-job-executor-thread-5577#
[PollStageAppStatusExecution] 62645462-e3c5-4e94-9a37-279b7c283ccd [2026-07-08T19:19:08.370909] 29 packages are looking for funding (STDOUT, STG)#
#2026 07 08 19:19:12.112#Z#DEBUG#b2605f0d-7b01-11f1-81cb-eeee0a93546a.worksync-srv#flowable-async-job-executor-thread-5577#
[PollStageAppStatusExecution] 62645462-e3c5-4e94-9a37-279b7c283ccd [2026-07-08T19:19:08.371032] run `npm fund` for details (STDOUT, STG)#
#2026 07 08 19:19:12.112#Z#DEBUG#b2605f0d-7b01-11f1-81cb-eeee0a93546a.worksync-srv#flowable-async-job-executor-thread-5577#
[PollStageAppStatusExecution] 62645462-e3c5-4e94-9a37-279b7c283ccd [2026-07-08T19:19:09.233193] Contrast Security no credentials found. Will not write environment files. (STDOUT, STG)#
#2026 07 08 19:19:22.186#Z#DEBUG#b2605f0d-7b01-11f1-81cb-eeee0a93546a.worksync-srv#flowable-async-job-executor-thread-5583#
[PollStageAppStatusExecution] 62645462-e3c5-4e94-9a37-279b7c283ccd [2026-07-08T19:19:20.443098] Exit status 0 (STDOUT, STG)#
#2026 07 08 19:19:22.186#Z#DEBUG#b2605f0d-7b01-11f1-81cb-eeee0a93546a.worksync-srv#flowable-async-job-executor-thread-5583#
[PollStageAppStatusExecution] 62645462-e3c5-4e94-9a37-279b7c283ccd [2026-07-08T19:19:20.443146] Uploading droplet, build artifacts cache... (STDOUT, STG)#
#2026 07 08 19:19:22.186#Z#DEBUG#b2605f0d-7b01-11f1-81cb-eeee0a93546a.worksync-srv#flowable-async-job-executor-thread-5583#
[PollStageAppStatusExecution] 62645462-e3c5-4e94-9a37-279b7c283ccd [2026-07-08T19:19:20.443186] Uploading droplet... (STDOUT, STG)#
#2026 07 08 19:19:22.186#Z#DEBUG#b2605f0d-7b01-11f1-81cb-eeee0a93546a.worksync-srv#flowable-async-job-executor-thread-5583#
[PollStageAppStatusExecution] 62645462-e3c5-4e94-9a37-279b7c283ccd [2026-07-08T19:19:20.443473] Uploading build artifacts cache... (STDOUT, STG)#
#2026 07 08 19:19:22.186#Z#DEBUG#b2605f0d-7b01-11f1-81cb-eeee0a93546a.worksync-srv#flowable-async-job-executor-thread-5583#
[PollStageAppStatusExecution] 62645462-e3c5-4e94-9a37-279b7c283ccd [2026-07-08T19:19:20.497332] Uploaded build artifacts cache (224B) (STDOUT, STG)#
#2026 07 08 19:19:22.186#Z#DEBUG#b2605f0d-7b01-11f1-81cb-eeee0a93546a.worksync-srv#flowable-async-job-executor-thread-5583#
[PollStageAppStatusExecution] 62645462-e3c5-4e94-9a37-279b7c283ccd [2026-07-08T19:19:21.345229] Creating droplet for app with guid 62645462-e3c5-4e94-9a37-279b7c283ccd (STDOUT, API)#
#2026 07 08 19:19:32.237#Z#DEBUG#b2605f0d-7b01-11f1-81cb-eeee0a93546a.worksync-srv#flowable-async-job-executor-thread-4406#
[PollStageAppStatusExecution] 62645462-e3c5-4e94-9a37-279b7c283ccd [2026-07-08T19:19:23.416071] Uploaded droplet (60.1M) (STDOUT, STG)#
#2026 07 08 19:19:32.237#Z#DEBUG#b2605f0d-7b01-11f1-81cb-eeee0a93546a.worksync-srv#flowable-async-job-executor-thread-4406#
[PollStageAppStatusExecution] 62645462-e3c5-4e94-9a37-279b7c283ccd [2026-07-08T19:19:23.441931] Uploading complete (STDOUT, STG)#
#2026 07 08 19:19:32.237#Z#DEBUG#b2605f0d-7b01-11f1-81cb-eeee0a93546a.worksync-srv#flowable-async-job-executor-thread-4406#
[PollStageAppStatusExecution] 62645462-e3c5-4e94-9a37-279b7c283ccd [2026-07-08T19:19:24.655595] Cell c839c7b1-088e-41af-b9b7-66256aacd457 stopping instance 9d5fd050-daf1-4746-aa86-d43ca0f7694d (STDOUT, STG)#
#2026 07 08 19:19:32.237#Z#DEBUG#b2605f0d-7b01-11f1-81cb-eeee0a93546a.worksync-srv#flowable-async-job-executor-thread-4406#
[PollStageAppStatusExecution] 62645462-e3c5-4e94-9a37-279b7c283ccd [2026-07-08T19:19:24.655649] Cell c839c7b1-088e-41af-b9b7-66256aacd457 destroying container for instance 9d5fd050-daf1-4746-aa86-d43ca0f7694d (STDOUT, STG)#
#2026 07 08 19:19:32.237#Z#DEBUG#b2605f0d-7b01-11f1-81cb-eeee0a93546a.worksync-srv#flowable-async-job-executor-thread-4406#
[PollStageAppStatusExecution] 62645462-e3c5-4e94-9a37-279b7c283ccd [2026-07-08T19:19:24.701907] Staging complete for build 9d5fd050-daf1-4746-aa86-d43ca0f7694d (STDOUT, API)#
#2026 07 08 19:19:32.237#Z#DEBUG#b2605f0d-7b01-11f1-81cb-eeee0a93546a.worksync-srv#flowable-async-job-executor-thread-4406#
[PollStageAppStatusExecution] 62645462-e3c5-4e94-9a37-279b7c283ccd [2026-07-08T19:19:27.476742] Cell c839c7b1-088e-41af-b9b7-66256aacd457 successfully destroyed container for instance 9d5fd050-daf1-4746-aa86-d43ca0f7694d (STDOUT, STG)#
#2026 07 08 19:19:42.381#Z#DEBUG#b2605f0d-7b01-11f1-81cb-eeee0a93546a.worksync-srv#flowable-async-job-executor-thread-4410#
[PollStartAppStatusExecution] 62645462-e3c5-4e94-9a37-279b7c283ccd [2026-07-08T19:19:32.324005] Updated app with guid 62645462-e3c5-4e94-9a37-279b7c283ccd ({:droplet_guid=>"d3050a30-b6c4-43af-a950-6f6822cd4bdf"}) (STDOUT, API)#
#2026 07 08 19:19:42.381#Z#DEBUG#b2605f0d-7b01-11f1-81cb-eeee0a93546a.worksync-srv#flowable-async-job-executor-thread-4410#
[PollStartAppStatusExecution] 62645462-e3c5-4e94-9a37-279b7c283ccd [2026-07-08T19:19:32.525624] Creating revision for app with guid 62645462-e3c5-4e94-9a37-279b7c283ccd (STDOUT, API)#
#2026 07 08 19:19:42.381#Z#DEBUG#b2605f0d-7b01-11f1-81cb-eeee0a93546a.worksync-srv#flowable-async-job-executor-thread-4410#
[PollStartAppStatusExecution] 62645462-e3c5-4e94-9a37-279b7c283ccd [2026-07-08T19:19:32.562825] Starting app with guid 62645462-e3c5-4e94-9a37-279b7c283ccd (STDOUT, API)#
#2026 07 08 19:19:42.381#Z#DEBUG#b2605f0d-7b01-11f1-81cb-eeee0a93546a.worksync-srv#flowable-async-job-executor-thread-4410#
[PollStartAppStatusExecution] 62645462-e3c5-4e94-9a37-279b7c283ccd [2026-07-08T19:19:32.804063] Cell c839c7b1-088e-41af-b9b7-66256aacd457 creating container for instance 7c93f6de-0e2a-4655-5553-0159 (STDOUT, CELL)#
#2026 07 08 19:19:42.381#Z#DEBUG#b2605f0d-7b01-11f1-81cb-eeee0a93546a.worksync-srv#flowable-async-job-executor-thread-4410#
[PollStartAppStatusExecution] 62645462-e3c5-4e94-9a37-279b7c283ccd [2026-07-08T19:19:33.713109] Security group rules were updated (STDOUT, CELL)#
#2026 07 08 19:19:42.381#Z#DEBUG#b2605f0d-7b01-11f1-81cb-eeee0a93546a.worksync-srv#flowable-async-job-executor-thread-4410#
[PollStartAppStatusExecution] 62645462-e3c5-4e94-9a37-279b7c283ccd [2026-07-08T19:19:33.804999] Cell c839c7b1-088e-41af-b9b7-66256aacd457 successfully created container for instance 7c93f6de-0e2a-4655-5553-0159 (STDOUT, CELL)#
#2026 07 08 19:19:42.381#Z#DEBUG#b2605f0d-7b01-11f1-81cb-eeee0a93546a.worksync-srv#flowable-async-job-executor-thread-4410#
[PollStartAppStatusExecution] 62645462-e3c5-4e94-9a37-279b7c283ccd [2026-07-08T19:19:34.759521] Downloading droplet... (STDOUT, CELL)#
#2026 07 08 19:19:52.297#Z#DEBUG#b2605f0d-7b01-11f1-81cb-eeee0a93546a.worksync-srv#flowable-async-job-executor-thread-5609#
[PollStartAppStatusExecution] 62645462-e3c5-4e94-9a37-279b7c283ccd [2026-07-08T19:19:43.628902] Downloaded droplet (60.1M) (STDOUT, CELL)#
#2026 07 08 19:19:52.297#Z#DEBUG#b2605f0d-7b01-11f1-81cb-eeee0a93546a.worksync-srv#flowable-async-job-executor-thread-5609#
[PollStartAppStatusExecution] 62645462-e3c5-4e94-9a37-279b7c283ccd [2026-07-08T19:19:43.629768] Starting health monitoring of container (STDOUT, CELL)#
#2026 07 08 19:19:52.297#Z#DEBUG#b2605f0d-7b01-11f1-81cb-eeee0a93546a.worksync-srv#flowable-async-job-executor-thread-5609#
[PollStartAppStatusExecution] 62645462-e3c5-4e94-9a37-279b7c283ccd [2026-07-08T19:19:43.794051] Invoking pre-start scripts. (STDOUT, APP/PROC/WEB)#
#2026 07 08 19:19:52.297#Z#DEBUG#b2605f0d-7b01-11f1-81cb-eeee0a93546a.worksync-srv#flowable-async-job-executor-thread-5609#
[PollStartAppStatusExecution] 62645462-e3c5-4e94-9a37-279b7c283ccd [2026-07-08T19:19:44.054517] Invoking start command. (STDOUT, APP/PROC/WEB)#
#2026 07 08 19:19:52.297#Z#DEBUG#b2605f0d-7b01-11f1-81cb-eeee0a93546a.worksync-srv#flowable-async-job-executor-thread-5609#
[PollStartAppStatusExecution] 62645462-e3c5-4e94-9a37-279b7c283ccd [2026-07-08T19:19:44.553970] > worksync@1.0.1 start (STDOUT, APP/PROC/WEB)#
#2026 07 08 19:19:52.297#Z#DEBUG#b2605f0d-7b01-11f1-81cb-eeee0a93546a.worksync-srv#flowable-async-job-executor-thread-5609#
[PollStartAppStatusExecution] 62645462-e3c5-4e94-9a37-279b7c283ccd [2026-07-08T19:19:44.553989] > cds-serve (STDOUT, APP/PROC/WEB)#
#2026 07 08 19:19:52.297#Z#DEBUG#b2605f0d-7b01-11f1-81cb-eeee0a93546a.worksync-srv#flowable-async-job-executor-thread-5609#
[PollStartAppStatusExecution] 62645462-e3c5-4e94-9a37-279b7c283ccd [2026-07-08T19:19:45.054003] {"level":"info","logger":"cds","timestamp":"2026-07-08T19:19:45.050Z","layer":"cds","component_type":"application","container_id":"10.32.2.6","component_id":"62645462-e3c5-4e94-9a37-279b7c283ccd","component_name":"worksync-srv","component_instance":0,"source_instance":0,"organization_name":"9b59819ctrial","organization_id":"e8b53b4b-34f6-4399-9bc8-055746a912f4","space_name":"dev","space_id":"9d9ae667-474a-401a-a823-a8535a92fd3f","msg":"loaded model from 1 file(s):\n ","type":"log"} (STDOUT, APP/PROC/WEB)#
#2026 07 08 19:19:52.297#Z#DEBUG#b2605f0d-7b01-11f1-81cb-eeee0a93546a.worksync-srv#flowable-async-job-executor-thread-5609#
[PollStartAppStatusExecution] 62645462-e3c5-4e94-9a37-279b7c283ccd [2026-07-08T19:19:45.054028] srv/csn.json (STDOUT, APP/PROC/WEB)#
#2026 07 08 19:19:52.297#Z#DEBUG#b2605f0d-7b01-11f1-81cb-eeee0a93546a.worksync-srv#flowable-async-job-executor-thread-5609#
[PollStartAppStatusExecution] 62645462-e3c5-4e94-9a37-279b7c283ccd [2026-07-08T19:19:45.485439] {"level":"info","logger":"cds","timestamp":"2026-07-08T19:19:45.484Z","layer":"cds","component_type":"application","container_id":"10.32.2.6","component_id":"62645462-e3c5-4e94-9a37-279b7c283ccd","component_name":"worksync-srv","component_instance":0,"source_instance":0,"organization_name":"9b59819ctrial","organization_id":"e8b53b4b-34f6-4399-9bc8-055746a912f4","space_name":"dev","space_id":"9d9ae667-474a-401a-a823-a8535a92fd3f","msg":"connect to db > hana {\n  database_id: 'b8be478d-e3a4-4fee-b9ee-4e48cc895c57',\n  host: 'b8be478d-e3a4-4fee-b9ee-4e48cc895c57.hna1.prod-us10.hanacloud.ondemand.com',\n  port: '443',\n  driver: 'com.sap.db.jdbc.Driver',\n  url: 'jdbc:sap://b8be478d-e3a4-4fee-b9ee-4e48cc895c57.hna1.prod-us10.hanacloud.ondemand.com:443?encrypt=true&validateCertificate=true&currentschema=CA770484662044719A53B82EF7610ED4',\n  schema: 'CA770484662044719A53B82EF7610ED4',\n  certificate: '...',\n  hdi_user: 'CA770484662044719A53B82EF7610ED4_40SGJLAZE9225ALCL56SKCEL0_DT',\n  hdi_password: '...',\n  user: 'CA770484662044719A53B82EF7610ED4_40SGJLAZE9225ALCL56SKCEL0_RT',\n  password: '...'\n}","type":"log"} (STDOUT, APP/PROC/WEB)#
#2026 07 08 19:19:52.297#Z#DEBUG#b2605f0d-7b01-11f1-81cb-eeee0a93546a.worksync-srv#flowable-async-job-executor-thread-5609#
[PollStartAppStatusExecution] 62645462-e3c5-4e94-9a37-279b7c283ccd [2026-07-08T19:19:45.534996] {"level":"info","logger":"cds","timestamp":"2026-07-08T19:19:45.534Z","layer":"cds","component_type":"application","container_id":"10.32.2.6","component_id":"62645462-e3c5-4e94-9a37-279b7c283ccd","component_name":"worksync-srv","component_instance":0,"source_instance":0,"organization_name":"9b59819ctrial","organization_id":"e8b53b4b-34f6-4399-9bc8-055746a912f4","space_name":"dev","space_id":"9d9ae667-474a-401a-a823-a8535a92fd3f","msg":"using auth strategy { kind: 'xsuaa' }","type":"log"} (STDOUT, APP/PROC/WEB)#
#2026 07 08 19:19:52.297#Z#DEBUG#b2605f0d-7b01-11f1-81cb-eeee0a93546a.worksync-srv#flowable-async-job-executor-thread-5609#
[PollStartAppStatusExecution] 62645462-e3c5-4e94-9a37-279b7c283ccd [2026-07-08T19:19:45.601178] {"level":"info","logger":"cds","timestamp":"2026-07-08T19:19:45.596Z","layer":"cds","component_type":"application","container_id":"10.32.2.6","component_id":"62645462-e3c5-4e94-9a37-279b7c283ccd","component_name":"worksync-srv","component_instance":0,"source_instance":0,"organization_name":"9b59819ctrial","organization_id":"e8b53b4b-34f6-4399-9bc8-055746a912f4","space_name":"dev","space_id":"9d9ae667-474a-401a-a823-a8535a92fd3f","msg":"serving AdminService {\n  at: [ '/odata/v4/admin' ],\n  decl: 'srv/csn.json:1647',\n  impl: 'srv/admin-service.js'\n}","type":"log"} (STDOUT, APP/PROC/WEB)#
#2026 07 08 19:19:52.297#Z#DEBUG#b2605f0d-7b01-11f1-81cb-eeee0a93546a.worksync-srv#flowable-async-job-executor-thread-5609#
[PollStartAppStatusExecution] 62645462-e3c5-4e94-9a37-279b7c283ccd [2026-07-08T19:19:45.601222] {"level":"info","logger":"cds","timestamp":"2026-07-08T19:19:45.597Z","layer":"cds","component_type":"application","container_id":"10.32.2.6","component_id":"62645462-e3c5-4e94-9a37-279b7c283ccd","component_name":"worksync-srv","component_instance":0,"source_instance":0,"organization_name":"9b59819ctrial","organization_id":"e8b53b4b-34f6-4399-9bc8-055746a912f4","space_name":"dev","space_id":"9d9ae667-474a-401a-a823-a8535a92fd3f","msg":"serving EmployeeService {\n  at: [ '/odata/v4/employee' ],\n  decl: 'srv/csn.json:3485',\n  impl: 'srv/employee-service.js'\n}","type":"log"} (STDOUT, APP/PROC/WEB)#
#2026 07 08 19:19:52.297#Z#DEBUG#b2605f0d-7b01-11f1-81cb-eeee0a93546a.worksync-srv#flowable-async-job-executor-thread-5609#
[PollStartAppStatusExecution] 62645462-e3c5-4e94-9a37-279b7c283ccd [2026-07-08T19:19:45.613190] {"level":"info","logger":"cds","timestamp":"2026-07-08T19:19:45.605Z","layer":"cds","component_type":"application","container_id":"10.32.2.6","component_id":"62645462-e3c5-4e94-9a37-279b7c283ccd","component_name":"worksync-srv","component_instance":0,"source_instance":0,"organization_name":"9b59819ctrial","organization_id":"e8b53b4b-34f6-4399-9bc8-055746a912f4","space_name":"dev","space_id":"9d9ae667-474a-401a-a823-a8535a92fd3f","msg":"server listening on { url: 'http://localhost:8080' }","type":"log"} (STDOUT, APP/PROC/WEB)#
#2026 07 08 19:19:52.297#Z#DEBUG#b2605f0d-7b01-11f1-81cb-eeee0a93546a.worksync-srv#flowable-async-job-executor-thread-5609#
[PollStartAppStatusExecution] 62645462-e3c5-4e94-9a37-279b7c283ccd [2026-07-08T19:19:45.613210] {"level":"info","logger":"cds","timestamp":"2026-07-08T19:19:45.607Z","layer":"cds","component_type":"application","container_id":"10.32.2.6","component_id":"62645462-e3c5-4e94-9a37-279b7c283ccd","component_name":"worksync-srv","component_instance":0,"source_instance":0,"organization_name":"9b59819ctrial","organization_id":"e8b53b4b-34f6-4399-9bc8-055746a912f4","space_name":"dev","space_id":"9d9ae667-474a-401a-a823-a8535a92fd3f","msg":"server v9.9.1 launched in 1041 ms","type":"log"} (STDOUT, APP/PROC/WEB)#
#2026 07 08 19:19:52.297#Z#DEBUG#b2605f0d-7b01-11f1-81cb-eeee0a93546a.worksync-srv#flowable-async-job-executor-thread-5609#
[PollStartAppStatusExecution] 62645462-e3c5-4e94-9a37-279b7c283ccd [2026-07-08T19:19:46.591706] Container became healthy (STDOUT, CELL)#
#2026 07 08 19:19:52.297#Z#DEBUG#b2605f0d-7b01-11f1-81cb-eeee0a93546a.worksync-srv#flowable-async-job-executor-thread-5609#
[PollStartAppStatusExecution] 62645462-e3c5-4e94-9a37-279b7c283ccd [2026-07-08T19:19:46.616860] Process became ready with guid 62645462-e3c5-4e94-9a37-279b7c283ccd payload: {"instance"=>"7c93f6de-0e2a-4655-5553-0159", "index"=>0, "cell_id"=>"c839c7b1-088e-41af-b9b7-66256aacd457", "ready"=>true, "version"=>"68640aa0-c7fc-4da4-9be6-5880d10f1980"} (STDOUT, API)#
